{
  "keys": [
    {
      "alg": "RS256",
      "e": "AQAB",
      "kid": "aUGv8mQA85jg4V1DU8Uk1W0uKsxn187KQONAGl6AMtc",
      "kty": "RSA",
      "n": "40yB6SNoU4SpWxTfG5ilu-BlLYikRyyEcJIGg__w_GyqtjvT_CVo92DRTh_DlrgwjSitmZrhauBnrCOoUBMin0_TXeSo3w2M5tEiiIFPbTDRf2jMfbSGEOke9O0USCCR-bM2TncrgZR74qlSwq38VCND4zHc89rAzqJ2LVM2aXkuBbO7TcgLNyooBrpOK9khVHAD64cyODAdJY4esUjcLdlcB7TMDGOgxGGn2RARU7-TUf32gZZbTMikbuPM5gXuzGlo_22ECbQSKuZpbGwgPIAZ5NN9QA4D1NRz9-KDoiXZ6deZTTVCrZykJJ6RyLNfRh-XS-6G5nvcqAmfBpyOWw",
      "use": "sig"
    },
    {
      "alg": "RS256",
      "e": "AQAB",
      "kid": "9MLnViaRkhVj1GT9kpWUkwHIwUD-wZfUxR-3CpkE-Xs",
      "kty": "RSA",
      "n": "nwrjH5iTSErw9xUptp6QSFoUfpHUXZ-PaslYSUrpLjw1q27ODSFwmhV4-dAaTMO5chFv_kM36H3ZOyA146nwxBobS723okFaIkshRrf6qgtD6coTHlVUSBTAcwKEjNn4C9jtEpyOl-eSgxhMzRH3bwTIFlLlVMiZf7XVE7P3yuOCpqkk2rdYVSpQWQWKU-ZRywJkYcLwjEYjc70AoNpjO5QnY-Exx98E30iEdPHZpsfNhsjh9Z7IX5TrMYgz7zBTw8-niO_uq3RBaHyIhDbvenbR9Q59d88lbnEeHKgSMe2RQpFR3rxFRkc_64Rn_bMuL_ptNowPqh1P-9GjYzWmPw",
      "use": "sig"
    },
    {
      "alg": "RS256",
      "e": "AQAB",
      "kid": "bNq-BCOR3ev-E6buGSaPrU-0SXX8whhDlmZ6geenkTE",
      "kty": "RSA",
      "n": "vQ8p-HsTMrgcsuIMoOR1LXRhynL9YAU0qoDON6PLKCpdBv0Xy_jnsPjo5DrtUOijuJcID8CR7E0hYpY9MgK5H5pDFwC4lbUVENquHEVS_E0pQSKCIzSmORcIhjYW2-wKfDOVjeudZwdFBIxJ6KpIty_aF78hlUJZuvghFVqoHQYTq_DZOmKjS-PAVLw8FKE3wa_3WU0EkpP-iovRMCkllzxqrcLPIvx-T2gkwe0bn0kTvdMOhTLTN2tuvKrFpVUxVi8RM_V8PtgdKroxnES7SyUqK8rLO830jKJzAYrByQL-sdGuSqInIY_geahQHEGTwMI0CLj6zfhpjSgCflstvw",
      "use": "sig"
    }
  ]
}