{
  "keys": [
    {
      "key": "MIIBIjANBgkqhkiG9w0BAQEFAAOCAQ8AMIIBCgKCAQEAvQ8p+HsTMrgcsuIMoOR1LXRhynL9YAU0qoDON6PLKCpdBv0Xy/jnsPjo5DrtUOijuJcID8CR7E0hYpY9MgK5H5pDFwC4lbUVENquHEVS/E0pQSKCIzSmORcIhjYW2+wKfDOVjeudZwdFBIxJ6KpIty/aF78hlUJZuvghFVqoHQYTq/DZOmKjS+PAVLw8FKE3wa/3WU0EkpP+iovRMCkllzxqrcLPIvx+T2gkwe0bn0kTvdMOhTLTN2tuvKrFpVUxVi8RM/V8PtgdKroxnES7SyUqK8rLO830jKJzAYrByQL+sdGuSqInIY/geahQHEGTwMI0CLj6zfhpjSgCflstvwIDAQAB",
      "kid": "bNq-BCOR3ev-E6buGSaPrU-0SXX8whhDlmZ6geenkTE"
    },
    {
      "key": "MIIBIjANBgkqhkiG9w0BAQEFAAOCAQ8AMIIBCgKCAQEAnwrjH5iTSErw9xUptp6QSFoUfpHUXZ+PaslYSUrpLjw1q27ODSFwmhV4+dAaTMO5chFv/kM36H3ZOyA146nwxBobS723okFaIkshRrf6qgtD6coTHlVUSBTAcwKEjNn4C9jtEpyOl+eSgxhMzRH3bwTIFlLlVMiZf7XVE7P3yuOCpqkk2rdYVSpQWQWKU+ZRywJkYcLwjEYjc70AoNpjO5QnY+Exx98E30iEdPHZpsfNhsjh9Z7IX5TrMYgz7zBTw8+niO/uq3RBaHyIhDbvenbR9Q59d88lbnEeHKgSMe2RQpFR3rxFRkc/64Rn/bMuL/ptNowPqh1P+9GjYzWmPwIDAQAB",
      "kid": "9MLnViaRkhVj1GT9kpWUkwHIwUD-wZfUxR-3CpkE-Xs"
    }
  ]
}